{
  args: [ 'test\\parser\\glob-array.config.js' ],
  cliProvided: Set(1) { 'optionA' },
  configProvided: Set(0) {},
  errors: [],
  options: {
    optionA: [
      'test/files/a.txt',
      'test/files/b.txt',
      'test/files/d.json',
      'test/files/e.json'
    ]
  },
  unknown: [ '--config' ]
}
